// Jest Snapshot v1, https://goo.gl/fbAQLP

exports[`expect to render a Card component 1`] = `ShallowWrapper {}`;
