// Jest Snapshot v1, https://goo.gl/fbAQLP

exports[`expect to render a CardList 1`] = `ShallowWrapper {}`;
