// Jest Snapshot v1, https://goo.gl/fbAQLP

exports[`<SearchBox /> renders a SearchBox component 1`] = `ShallowWrapper {}`;
